[pvgkdesnashik.in/index.html]
[backblue.gif]
[fade.gif]
[index.html]
[pvgkdesnashik.in/apple-touch-icon.png]
[pvgkdesnashik.in/css/bootstrap.min.css]
[pvgkdesnashik.in/css/normalize.css]
[pvgkdesnashik.in/css/font-awesome.min.css]
[pvgkdesnashik.in/css/icomoon.css]
[pvgkdesnashik.in/css/animate.css]
[pvgkdesnashik.in/css/prettyPhoto.css]
[pvgkdesnashik.in/css/owl.carousel.css]
[pvgkdesnashik.in/css/owl.theme.default.css]
[pvgkdesnashik.in/css/transitions.css]
[pvgkdesnashik.in/css/main.css]
[pvgkdesnashik.in/css/color.css]
[pvgkdesnashik.in/css/responsive.css]
[pvgkdesnashik.in/main.css]
[pvgkdesnashik.in/js/vendor/modernizr-2.8.3-respond-1.4.2.min.js]
[pvgkdesnashik.in/images/fa/apple-icon-57x57.png]
[pvgkdesnashik.in/images/fa/apple-icon-60x60.png]
[pvgkdesnashik.in/images/fa/apple-icon-72x72.png]
[pvgkdesnashik.in/images/fa/apple-icon-76x76.png]
[pvgkdesnashik.in/images/fa/apple-icon-114x114.png]
[pvgkdesnashik.in/images/fa/apple-icon-120x120.png]
[pvgkdesnashik.in/images/fa/apple-icon-144x144.png]
[pvgkdesnashik.in/images/fa/apple-icon-152x152.png]
[pvgkdesnashik.in/images/fa/apple-icon-180x180.png]
[pvgkdesnashik.in/images/fa/android-icon-192x192.png]
[pvgkdesnashik.in/images/fa/favicon-32x32.png]
[pvgkdesnashik.in/images/fa/favicon-96x96.png]
[pvgkdesnashik.in/images/fa/favicon-16x16.png]
[pvgkdesnashik.in/images/fa/manifest.json]
[pvgkdesnashik.in/index-2.html]
[pvgkdesnashik.in/images/kdeslogo.png]
[pvgkdesnashik.in/images/img-01.jpg]
[pvgkdesnashik.in/kdespreprimary/index.html]
[pvgkdesnashik.in/kdesprimary/index.html]
[pvgkdesnashik.in/index9ab4.html]
[pvgkdesnashik.in/kdessecondary/index.html]
[pvgkdesnashik.in/sliderimage/pvgkdes-preprimary-31.jpg]
[pvgkdesnashik.in/sliderimage/pvgkdes-preprimary-6.jpg]
[pvgkdesnashik.in/sliderimage/pvgkdes-secondary-school-40.jpg]
[pvgkdesnashik.in/sliderimage/pvgkdes2.jpg]
[pvgkdesnashik.in/sliderimage/pvgkdes-preprimary-27.jpg]
[pvgkdesnashik.in/sliderimage/pvgkdes-secondary-school-28.jpg]
[pvgkdesnashik.in/images/pre-primary-school.jpg]
[pvgkdesnashik.in/images/kdes-primary-school.jpg]
[pvgkdesnashik.in/images/kdes-secondary-school.jpg]
[pvgkdesnashik.in/images/kdes-higher-secondary-school.jpg]
[pvgkdesnashik.in/images/gallery/school4.jpg]
[pvgkdesnashik.in/images/gallery/pvgkdes-preprimary-27.jpg]
[pvgkdesnashik.in/images/gallery/kdes_2.jpg]
[pvgkdesnashik.in/images/gallery/IMG-20191202-WA0003.jpg]
[pvgkdesnashik.in/images/gallery/pvgcoen_4.jpg]
[pvgkdesnashik.in/images/gallery/school1.jpg]
[pvgkdesnashik.in/images/gallery/school10.JPG]
[pvgkdesnashik.in/images/gallery/school12.jpg]
[pvgkdesnashik.in/images/gallery/school6.jpg]
[pvgkdesnashik.in/images/gallery/school7.jpg]
[pvgkdesnashik.in/images/gallery/kdes_lab2.jpg]
[pvgkdesnashik.in/images/gallery/kdes_12.jpg]
[pvgkdesnashik.in/images/gallery/kdes_lab4.jpg]
[pvgkdesnashik.in/images/gallery/pvgkdes-secondary-school-16.jpg]
[pvgkdesnashik.in/images/gallery/bail-pola-ganpati-3.jpg]
[pvgkdesnashik.in/images/gallery/pvgkdes-preprimary-11.jpg]
[pvgkdesnashik.in/images/gallery/pvgkdes-preprimary-26.jpg]
[ajax.googleapis.com/ajax/libs/jquery/1.11.1/jquery.js]
[pvgkdesnashik.in/main.js]
[pvgkdesnashik.in/index0b6b.html]
[pvgkdesnashik.in/images/logo.png]
[pvgkdesnashik.in/cdn-cgi/l/email-protection]
[pvgkdesnashik.in/cdn-cgi/scripts/5c5dd728/cloudflare-static/email-decode.min.js]
[pvgkdesnashik.in/js/vendor/bootstrap.min.js]
[pvgkdesnashik.in/js/mapclustering/data.json]
[pvgkdesnashik.in/js/mapclustering/markerclusterer.min.js]
[pvgkdesnashik.in/js/vendor/jquery-library.js]
[pvgkdesnashik.in/js/mapclustering/infobox.js]
[pvgkdesnashik.in/js/mapclustering/map.js]
[pvgkdesnashik.in/js/owl.carousel.min.js]
[pvgkdesnashik.in/js/isotope.pkgd.js]
[pvgkdesnashik.in/js/prettyPhoto.js]
[pvgkdesnashik.in/js/countdown.js]
[pvgkdesnashik.in/js/collapse.js]
[pvgkdesnashik.in/js/gmap3.js]
[pvgkdesnashik.in/js/moment.js]
[pvgkdesnashik.in/index.html]
[pvgkdesnashik.in/apple-touch-icon.html]
[pvgkdesnashik.in/css/bootstrap.min.css]
[pvgkdesnashik.in/css/normalize.css]
[pvgkdesnashik.in/css/font-awesome.min.css]
[pvgkdesnashik.in/css/icomoon.css]
[pvgkdesnashik.in/css/animate.css]
[pvgkdesnashik.in/css/prettyPhoto.css]
[pvgkdesnashik.in/css/owl.carousel.css]
[pvgkdesnashik.in/css/owl.theme.default.css]
[pvgkdesnashik.in/css/transitions.css]
[pvgkdesnashik.in/css/main.css]
[pvgkdesnashik.in/css/color.css]
[pvgkdesnashik.in/css/responsive.css]
[pvgkdesnashik.in/main.css]
[pvgkdesnashik.in/index-2.html]
[pvgkdesnashik.in/kdespreprimary/index.html]
[pvgkdesnashik.in/kdesprimary/index.html]
[pvgkdesnashik.in/kdessecondary/index.html]
[pvgkdesnashik.in/index9ab4.html]
[pvgkdesnashik.in/images/gallery/kdes_2.html]
[pvgkdesnashik.in/images/gallery/pvgcoen_4.html]
[pvgkdesnashik.in/images/gallery/school10.html]
[pvgkdesnashik.in/index0b6b.html]
[pvgkdesnashik.in/images/logo.html]
[pvgkdesnashik.in/cdn-cgi/l/email-protection.html]
[pvgkdesnashik.in/js/main.js]
